  Determining projects to restore...
  All projects are up-to-date for restore.
C:\Users\DELL\OneDrive\Desktop\Mansib\Git push Projects\StradigTech-Blog\StradigBlog\Migrations\BlogDbContextModelSnapshot.cs(23,13): error CS0103: The name 'SqlServerModelBuilderExtensions' does not exist in the current context [C:\Users\DELL\OneDrive\Desktop\Mansib\Git push Projects\StradigTech-Blog\StradigBlog\StradigBlog.csproj]
C:\Users\DELL\OneDrive\Desktop\Mansib\Git push Projects\StradigTech-Blog\StradigBlog\Migrations\BlogDbContextModelSnapshot.cs(58,21): error CS0103: The name 'SqlServerPropertyBuilderExtensions' does not exist in the current context [C:\Users\DELL\OneDrive\Desktop\Mansib\Git push Projects\StradigTech-Blog\StradigBlog\StradigBlog.csproj]
C:\Users\DELL\OneDrive\Desktop\Mansib\Git push Projects\StradigTech-Blog\StradigBlog\Migrations\BlogDbContextModelSnapshot.cs(148,21): error CS0103: The name 'SqlServerPropertyBuilderExtensions' does not exist in the current context [C:\Users\DELL\OneDrive\Desktop\Mansib\Git push Projects\StradigTech-Blog\StradigBlog\StradigBlog.csproj]
C:\Users\DELL\OneDrive\Desktop\Mansib\Git push Projects\StradigTech-Blog\StradigBlog\Migrations\BlogDbContextModelSnapshot.cs(229,21): error CS0103: The name 'SqlServerPropertyBuilderExtensions' does not exist in the current context [C:\Users\DELL\OneDrive\Desktop\Mansib\Git push Projects\StradigTech-Blog\StradigBlog\StradigBlog.csproj]
C:\Users\DELL\OneDrive\Desktop\Mansib\Git push Projects\StradigTech-Blog\StradigBlog\Migrations\BlogDbContextModelSnapshot.cs(245,21): error CS0103: The name 'SqlServerPropertyBuilderExtensions' does not exist in the current context [C:\Users\DELL\OneDrive\Desktop\Mansib\Git push Projects\StradigTech-Blog\StradigBlog\StradigBlog.csproj]
C:\Users\DELL\OneDrive\Desktop\Mansib\Git push Projects\StradigTech-Blog\StradigBlog\Migrations\20260314082010_AddUserIdToPost.Designer.cs(26,13): error CS0103: The name 'SqlServerModelBuilderExtensions' does not exist in the current context [C:\Users\DELL\OneDrive\Desktop\Mansib\Git push Projects\StradigTech-Blog\StradigBlog\StradigBlog.csproj]
C:\Users\DELL\OneDrive\Desktop\Mansib\Git push Projects\StradigTech-Blog\StradigBlog\Migrations\20260314082010_AddUserIdToPost.Designer.cs(61,21): error CS0103: The name 'SqlServerPropertyBuilderExtensions' does not exist in the current context [C:\Users\DELL\OneDrive\Desktop\Mansib\Git push Projects\StradigTech-Blog\StradigBlog\StradigBlog.csproj]
C:\Users\DELL\OneDrive\Desktop\Mansib\Git push Projects\StradigTech-Blog\StradigBlog\Migrations\20260314082010_AddUserIdToPost.Designer.cs(151,21): error CS0103: The name 'SqlServerPropertyBuilderExtensions' does not exist in the current context [C:\Users\DELL\OneDrive\Desktop\Mansib\Git push Projects\StradigTech-Blog\StradigBlog\StradigBlog.csproj]
C:\Users\DELL\OneDrive\Desktop\Mansib\Git push Projects\StradigTech-Blog\StradigBlog\Migrations\20260314082010_AddUserIdToPost.Designer.cs(232,21): error CS0103: The name 'SqlServerPropertyBuilderExtensions' does not exist in the current context [C:\Users\DELL\OneDrive\Desktop\Mansib\Git push Projects\StradigTech-Blog\StradigBlog\StradigBlog.csproj]
C:\Users\DELL\OneDrive\Desktop\Mansib\Git push Projects\StradigTech-Blog\StradigBlog\Migrations\20260314082010_AddUserIdToPost.Designer.cs(248,21): error CS0103: The name 'SqlServerPropertyBuilderExtensions' does not exist in the current context [C:\Users\DELL\OneDrive\Desktop\Mansib\Git push Projects\StradigTech-Blog\StradigBlog\StradigBlog.csproj]
C:\Users\DELL\OneDrive\Desktop\Mansib\Git push Projects\StradigTech-Blog\StradigBlog\Migrations\20260314063158_FullInitial.Designer.cs(26,13): error CS0103: The name 'SqlServerModelBuilderExtensions' does not exist in the current context [C:\Users\DELL\OneDrive\Desktop\Mansib\Git push Projects\StradigTech-Blog\StradigBlog\StradigBlog.csproj]
C:\Users\DELL\OneDrive\Desktop\Mansib\Git push Projects\StradigTech-Blog\StradigBlog\Migrations\20260314063158_FullInitial.Designer.cs(61,21): error CS0103: The name 'SqlServerPropertyBuilderExtensions' does not exist in the current context [C:\Users\DELL\OneDrive\Desktop\Mansib\Git push Projects\StradigTech-Blog\StradigBlog\StradigBlog.csproj]
C:\Users\DELL\OneDrive\Desktop\Mansib\Git push Projects\StradigTech-Blog\StradigBlog\Migrations\20260314063158_FullInitial.Designer.cs(151,21): error CS0103: The name 'SqlServerPropertyBuilderExtensions' does not exist in the current context [C:\Users\DELL\OneDrive\Desktop\Mansib\Git push Projects\StradigTech-Blog\StradigBlog\StradigBlog.csproj]
C:\Users\DELL\OneDrive\Desktop\Mansib\Git push Projects\StradigTech-Blog\StradigBlog\Migrations\20260314063158_FullInitial.Designer.cs(232,21): error CS0103: The name 'SqlServerPropertyBuilderExtensions' does not exist in the current context [C:\Users\DELL\OneDrive\Desktop\Mansib\Git push Projects\StradigTech-Blog\StradigBlog\StradigBlog.csproj]
C:\Users\DELL\OneDrive\Desktop\Mansib\Git push Projects\StradigTech-Blog\StradigBlog\Migrations\20260314063158_FullInitial.Designer.cs(248,21): error CS0103: The name 'SqlServerPropertyBuilderExtensions' does not exist in the current context [C:\Users\DELL\OneDrive\Desktop\Mansib\Git push Projects\StradigTech-Blog\StradigBlog\StradigBlog.csproj]

Build FAILED.

C:\Users\DELL\OneDrive\Desktop\Mansib\Git push Projects\StradigTech-Blog\StradigBlog\Migrations\BlogDbContextModelSnapshot.cs(23,13): error CS0103: The name 'SqlServerModelBuilderExtensions' does not exist in the current context [C:\Users\DELL\OneDrive\Desktop\Mansib\Git push Projects\StradigTech-Blog\StradigBlog\StradigBlog.csproj]
C:\Users\DELL\OneDrive\Desktop\Mansib\Git push Projects\StradigTech-Blog\StradigBlog\Migrations\BlogDbContextModelSnapshot.cs(58,21): error CS0103: The name 'SqlServerPropertyBuilderExtensions' does not exist in the current context [C:\Users\DELL\OneDrive\Desktop\Mansib\Git push Projects\StradigTech-Blog\StradigBlog\StradigBlog.csproj]
C:\Users\DELL\OneDrive\Desktop\Mansib\Git push Projects\StradigTech-Blog\StradigBlog\Migrations\BlogDbContextModelSnapshot.cs(148,21): error CS0103: The name 'SqlServerPropertyBuilderExtensions' does not exist in the current context [C:\Users\DELL\OneDrive\Desktop\Mansib\Git push Projects\StradigTech-Blog\StradigBlog\StradigBlog.csproj]
C:\Users\DELL\OneDrive\Desktop\Mansib\Git push Projects\StradigTech-Blog\StradigBlog\Migrations\BlogDbContextModelSnapshot.cs(229,21): error CS0103: The name 'SqlServerPropertyBuilderExtensions' does not exist in the current context [C:\Users\DELL\OneDrive\Desktop\Mansib\Git push Projects\StradigTech-Blog\StradigBlog\StradigBlog.csproj]
C:\Users\DELL\OneDrive\Desktop\Mansib\Git push Projects\StradigTech-Blog\StradigBlog\Migrations\BlogDbContextModelSnapshot.cs(245,21): error CS0103: The name 'SqlServerPropertyBuilderExtensions' does not exist in the current context [C:\Users\DELL\OneDrive\Desktop\Mansib\Git push Projects\StradigTech-Blog\StradigBlog\StradigBlog.csproj]
C:\Users\DELL\OneDrive\Desktop\Mansib\Git push Projects\StradigTech-Blog\StradigBlog\Migrations\20260314082010_AddUserIdToPost.Designer.cs(26,13): error CS0103: The name 'SqlServerModelBuilderExtensions' does not exist in the current context [C:\Users\DELL\OneDrive\Desktop\Mansib\Git push Projects\StradigTech-Blog\StradigBlog\StradigBlog.csproj]
C:\Users\DELL\OneDrive\Desktop\Mansib\Git push Projects\StradigTech-Blog\StradigBlog\Migrations\20260314082010_AddUserIdToPost.Designer.cs(61,21): error CS0103: The name 'SqlServerPropertyBuilderExtensions' does not exist in the current context [C:\Users\DELL\OneDrive\Desktop\Mansib\Git push Projects\StradigTech-Blog\StradigBlog\StradigBlog.csproj]
C:\Users\DELL\OneDrive\Desktop\Mansib\Git push Projects\StradigTech-Blog\StradigBlog\Migrations\20260314082010_AddUserIdToPost.Designer.cs(151,21): error CS0103: The name 'SqlServerPropertyBuilderExtensions' does not exist in the current context [C:\Users\DELL\OneDrive\Desktop\Mansib\Git push Projects\StradigTech-Blog\StradigBlog\StradigBlog.csproj]
C:\Users\DELL\OneDrive\Desktop\Mansib\Git push Projects\StradigTech-Blog\StradigBlog\Migrations\20260314082010_AddUserIdToPost.Designer.cs(232,21): error CS0103: The name 'SqlServerPropertyBuilderExtensions' does not exist in the current context [C:\Users\DELL\OneDrive\Desktop\Mansib\Git push Projects\StradigTech-Blog\StradigBlog\StradigBlog.csproj]
C:\Users\DELL\OneDrive\Desktop\Mansib\Git push Projects\StradigTech-Blog\StradigBlog\Migrations\20260314082010_AddUserIdToPost.Designer.cs(248,21): error CS0103: The name 'SqlServerPropertyBuilderExtensions' does not exist in the current context [C:\Users\DELL\OneDrive\Desktop\Mansib\Git push Projects\StradigTech-Blog\StradigBlog\StradigBlog.csproj]
C:\Users\DELL\OneDrive\Desktop\Mansib\Git push Projects\StradigTech-Blog\StradigBlog\Migrations\20260314063158_FullInitial.Designer.cs(26,13): error CS0103: The name 'SqlServerModelBuilderExtensions' does not exist in the current context [C:\Users\DELL\OneDrive\Desktop\Mansib\Git push Projects\StradigTech-Blog\StradigBlog\StradigBlog.csproj]
C:\Users\DELL\OneDrive\Desktop\Mansib\Git push Projects\StradigTech-Blog\StradigBlog\Migrations\20260314063158_FullInitial.Designer.cs(61,21): error CS0103: The name 'SqlServerPropertyBuilderExtensions' does not exist in the current context [C:\Users\DELL\OneDrive\Desktop\Mansib\Git push Projects\StradigTech-Blog\StradigBlog\StradigBlog.csproj]
C:\Users\DELL\OneDrive\Desktop\Mansib\Git push Projects\StradigTech-Blog\StradigBlog\Migrations\20260314063158_FullInitial.Designer.cs(151,21): error CS0103: The name 'SqlServerPropertyBuilderExtensions' does not exist in the current context [C:\Users\DELL\OneDrive\Desktop\Mansib\Git push Projects\StradigTech-Blog\StradigBlog\StradigBlog.csproj]
C:\Users\DELL\OneDrive\Desktop\Mansib\Git push Projects\StradigTech-Blog\StradigBlog\Migrations\20260314063158_FullInitial.Designer.cs(232,21): error CS0103: The name 'SqlServerPropertyBuilderExtensions' does not exist in the current context [C:\Users\DELL\OneDrive\Desktop\Mansib\Git push Projects\StradigTech-Blog\StradigBlog\StradigBlog.csproj]
C:\Users\DELL\OneDrive\Desktop\Mansib\Git push Projects\StradigTech-Blog\StradigBlog\Migrations\20260314063158_FullInitial.Designer.cs(248,21): error CS0103: The name 'SqlServerPropertyBuilderExtensions' does not exist in the current context [C:\Users\DELL\OneDrive\Desktop\Mansib\Git push Projects\StradigTech-Blog\StradigBlog\StradigBlog.csproj]
    0 Warning(s)
    15 Error(s)

Time Elapsed 00:00:08.57
